Archive member included to satisfy reference by file (symbol)

/opt/st/stm32cubeide_2.1.1/plugins/com.st.stm32cube.ide.mcu.externaltools.gnu-tools-for-stm32.14.3.rel1.linux64_1.0.100.202602081740/tools/bin/../lib/gcc/arm-none-eabi/14.3.1/../../../../arm-none-eabi/lib/thumb/v7e-m+fp/hard/libc_nano.a(libc_a-exit.o)
                              /opt/st/stm32cubeide_2.1.1/plugins/com.st.stm32cube.ide.mcu.externaltools.gnu-tools-for-stm32.14.3.rel1.linux64_1.0.100.202602081740/tools/bin/../lib/gcc/arm-none-eabi/14.3.1/../../../../arm-none-eabi/lib/thumb/v7e-m+fp/hard/crt0.o (exit)
/opt/st/stm32cubeide_2.1.1/plugins/com.st.stm32cube.ide.mcu.externaltools.gnu-tools-for-stm32.14.3.rel1.linux64_1.0.100.202602081740/tools/bin/../lib/gcc/arm-none-eabi/14.3.1/../../../../arm-none-eabi/lib/thumb/v7e-m+fp/hard/libc_nano.a(libc_a-findfp.o)
                              /opt/st/stm32cubeide_2.1.1/plugins/com.st.stm32cube.ide.mcu.externaltools.gnu-tools-for-stm32.14.3.rel1.linux64_1.0.100.202602081740/tools/bin/../lib/gcc/arm-none-eabi/14.3.1/../../../../arm-none-eabi/lib/thumb/v7e-m+fp/hard/libc_nano.a(libc_a-exit.o) (__stdio_exit_handler)
/opt/st/stm32cubeide_2.1.1/plugins/com.st.stm32cube.ide.mcu.externaltools.gnu-tools-for-stm32.14.3.rel1.linux64_1.0.100.202602081740/tools/bin/../lib/gcc/arm-none-eabi/14.3.1/../../../../arm-none-eabi/lib/thumb/v7e-m+fp/hard/libc_nano.a(libc_a-fwalk.o)
                              /opt/st/stm32cubeide_2.1.1/plugins/com.st.stm32cube.ide.mcu.externaltools.gnu-tools-for-stm32.14.3.rel1.linux64_1.0.100.202602081740/tools/bin/../lib/gcc/arm-none-eabi/14.3.1/../../../../arm-none-eabi/lib/thumb/v7e-m+fp/hard/libc_nano.a(libc_a-findfp.o) (_fwalk_sglue)
/opt/st/stm32cubeide_2.1.1/plugins/com.st.stm32cube.ide.mcu.externaltools.gnu-tools-for-stm32.14.3.rel1.linux64_1.0.100.202602081740/tools/bin/../lib/gcc/arm-none-eabi/14.3.1/../../../../arm-none-eabi/lib/thumb/v7e-m+fp/hard/libc_nano.a(libc_a-stdio.o)
                              /opt/st/stm32cubeide_2.1.1/plugins/com.st.stm32cube.ide.mcu.externaltools.gnu-tools-for-stm32.14.3.rel1.linux64_1.0.100.202602081740/tools/bin/../lib/gcc/arm-none-eabi/14.3.1/../../../../arm-none-eabi/lib/thumb/v7e-m+fp/hard/libc_nano.a(libc_a-findfp.o) (__sread)
/opt/st/stm32cubeide_2.1.1/plugins/com.st.stm32cube.ide.mcu.externaltools.gnu-tools-for-stm32.14.3.rel1.linux64_1.0.100.202602081740/tools/bin/../lib/gcc/arm-none-eabi/14.3.1/../../../../arm-none-eabi/lib/thumb/v7e-m+fp/hard/libc_nano.a(libc_a-memset.o)
                              /opt/st/stm32cubeide_2.1.1/plugins/com.st.stm32cube.ide.mcu.externaltools.gnu-tools-for-stm32.14.3.rel1.linux64_1.0.100.202602081740/tools/bin/../lib/gcc/arm-none-eabi/14.3.1/../../../../arm-none-eabi/lib/thumb/v7e-m+fp/hard/crt0.o (memset)
/opt/st/stm32cubeide_2.1.1/plugins/com.st.stm32cube.ide.mcu.externaltools.gnu-tools-for-stm32.14.3.rel1.linux64_1.0.100.202602081740/tools/bin/../lib/gcc/arm-none-eabi/14.3.1/../../../../arm-none-eabi/lib/thumb/v7e-m+fp/hard/libc_nano.a(libc_a-closer.o)
                              /opt/st/stm32cubeide_2.1.1/plugins/com.st.stm32cube.ide.mcu.externaltools.gnu-tools-for-stm32.14.3.rel1.linux64_1.0.100.202602081740/tools/bin/../lib/gcc/arm-none-eabi/14.3.1/../../../../arm-none-eabi/lib/thumb/v7e-m+fp/hard/libc_nano.a(libc_a-stdio.o) (_close_r)
/opt/st/stm32cubeide_2.1.1/plugins/com.st.stm32cube.ide.mcu.externaltools.gnu-tools-for-stm32.14.3.rel1.linux64_1.0.100.202602081740/tools/bin/../lib/gcc/arm-none-eabi/14.3.1/../../../../arm-none-eabi/lib/thumb/v7e-m+fp/hard/libc_nano.a(libc_a-reent.o)
                              /opt/st/stm32cubeide_2.1.1/plugins/com.st.stm32cube.ide.mcu.externaltools.gnu-tools-for-stm32.14.3.rel1.linux64_1.0.100.202602081740/tools/bin/../lib/gcc/arm-none-eabi/14.3.1/../../../../arm-none-eabi/lib/thumb/v7e-m+fp/hard/libc_nano.a(libc_a-closer.o) (errno)
/opt/st/stm32cubeide_2.1.1/plugins/com.st.stm32cube.ide.mcu.externaltools.gnu-tools-for-stm32.14.3.rel1.linux64_1.0.100.202602081740/tools/bin/../lib/gcc/arm-none-eabi/14.3.1/../../../../arm-none-eabi/lib/thumb/v7e-m+fp/hard/libc_nano.a(libc_a-impure.o)
                              /opt/st/stm32cubeide_2.1.1/plugins/com.st.stm32cube.ide.mcu.externaltools.gnu-tools-for-stm32.14.3.rel1.linux64_1.0.100.202602081740/tools/bin/../lib/gcc/arm-none-eabi/14.3.1/../../../../arm-none-eabi/lib/thumb/v7e-m+fp/hard/libc_nano.a(libc_a-reent.o) (_impure_ptr)
/opt/st/stm32cubeide_2.1.1/plugins/com.st.stm32cube.ide.mcu.externaltools.gnu-tools-for-stm32.14.3.rel1.linux64_1.0.100.202602081740/tools/bin/../lib/gcc/arm-none-eabi/14.3.1/../../../../arm-none-eabi/lib/thumb/v7e-m+fp/hard/libc_nano.a(libc_a-lseekr.o)
                              /opt/st/stm32cubeide_2.1.1/plugins/com.st.stm32cube.ide.mcu.externaltools.gnu-tools-for-stm32.14.3.rel1.linux64_1.0.100.202602081740/tools/bin/../lib/gcc/arm-none-eabi/14.3.1/../../../../arm-none-eabi/lib/thumb/v7e-m+fp/hard/libc_nano.a(libc_a-stdio.o) (_lseek_r)
[...]
Memory Configuration

Name             Origin             Length             Attributes
RAM              0x20000000         0x00020000         xrw
FLASH            0x08000000         0x00080000         xr
*default*        0x00000000         0xffffffff

Linker script and memory map

LOAD /opt/st/stm32cubeide_2.1.1/plugins/com.st.stm32cube.ide.mcu.externaltools.gnu-tools-for-stm32.14.3.rel1.linux64_1.0.100.202602081740/tools/bin/../lib/gcc/arm-none-eabi/14.3.1/thumb/v7e-m+fp/hard/crti.o
LOAD /opt/st/stm32cubeide_2.1.1/plugins/com.st.stm32cube.ide.mcu.externaltools.gnu-tools-for-stm32.14.3.rel1.linux64_1.0.100.202602081740/tools/bin/../lib/gcc/arm-none-eabi/14.3.1/thumb/v7e-m+fp/hard/crtbegin.o
LOAD /opt/st/stm32cubeide_2.1.1/plugins/com.st.stm32cube.ide.mcu.externaltools.gnu-tools-for-stm32.14.3.rel1.linux64_1.0.100.202602081740/tools/bin/../lib/gcc/arm-none-eabi/14.3.1/../../../../arm-none-eabi/lib/thumb/v7e-m+fp/hard/crt0.o
LOAD ./Core/Src/main.o
LOAD ./Core/Src/stm32f4xx_hal_msp.o
LOAD ./Core/Src/stm32f4xx_it.o
LOAD ./Core/Src/syscalls.o
LOAD ./Core/Src/sysmem.o
LOAD ./Core/Src/system_stm32f4xx.o
LOAD ./Core/Startup/startup_stm32f446retx.o
LOAD ./Drivers/STM32F4xx_HAL_Driver/Src/stm32f4xx_hal.o
LOAD ./Drivers/STM32F4xx_HAL_Driver/Src/stm32f4xx_hal_cortex.o
LOAD ./Drivers/STM32F4xx_HAL_Driver/Src/stm32f4xx_hal_dma.o
LOAD ./Drivers/STM32F4xx_HAL_Driver/Src/stm32f4xx_hal_dma_ex.o
LOAD ./Drivers/STM32F4xx_HAL_Driver/Src/stm32f4xx_hal_exti.o
LOAD ./Drivers/STM32F4xx_HAL_Driver/Src/stm32f4xx_hal_flash.o
LOAD ./Drivers/STM32F4xx_HAL_Driver/Src/stm32f4xx_hal_flash_ex.o
LOAD ./Drivers/STM32F4xx_HAL_Driver/Src/stm32f4xx_hal_flash_ramfunc.o
LOAD ./Drivers/STM32F4xx_HAL_Driver/Src/stm32f4xx_hal_gpio.o
LOAD ./Drivers/STM32F4xx_HAL_Driver/Src/stm32f4xx_hal_pwr.o
LOAD ./Drivers/STM32F4xx_HAL_Driver/Src/stm32f4xx_hal_pwr_ex.o
LOAD ./Drivers/STM32F4xx_HAL_Driver/Src/stm32f4xx_hal_rcc.o
LOAD ./Drivers/STM32F4xx_HAL_Driver/Src/stm32f4xx_hal_rcc_ex.o
START GROUP
LOAD /opt/st/stm32cubeide_2.1.1/plugins/com.st.stm32cube.ide.mcu.externaltools.gnu-tools-for-stm32.14.3.rel1.linux64_1.0.100.202602081740/tools/bin/../lib/gcc/arm-none-eabi/14.3.1/../../../../arm-none-eabi/lib/thumb/v7e-m+fp/hard/libc_nano.a
LOAD /opt/st/stm32cubeide_2.1.1/plugins/com.st.stm32cube.ide.mcu.externaltools.gnu-tools-for-stm32.14.3.rel1.linux64_1.0.100.202602081740/tools/bin/../lib/gcc/arm-none-eabi/14.3.1/../../../../arm-none-eabi/lib/thumb/v7e-m+fp/hard/libm.a
END GROUP
START GROUP
LOAD /opt/st/stm32cubeide_2.1.1/plugins/com.st.stm32cube.ide.mcu.externaltools.gnu-tools-for-stm32.14.3.rel1.linux64_1.0.100.202602081740/tools/bin/../lib/gcc/arm-none-eabi/14.3.1/thumb/v7e-m+fp/hard/libgcc.a
LOAD /opt/st/stm32cubeide_2.1.1/plugins/com.st.stm32cube.ide.mcu.externaltools.gnu-tools-for-stm32.14.3.rel1.linux64_1.0.100.202602081740/tools/bin/../lib/gcc/arm-none-eabi/14.3.1/../../../../arm-none-eabi/lib/thumb/v7e-m+fp/hard/libc_nano.a
END GROUP
START GROUP
LOAD /opt/st/stm32cubeide_2.1.1/plugins/com.st.stm32cube.ide.mcu.externaltools.gnu-tools-for-stm32.14.3.rel1.linux64_1.0.100.202602081740/tools/bin/../lib/gcc/arm-none-eabi/14.3.1/thumb/v7e-m+fp/hard/libgcc.a
LOAD /opt/st/stm32cubeide_2.1.1/plugins/com.st.stm32cube.ide.mcu.externaltools.gnu-tools-for-stm32.14.3.rel1.linux64_1.0.100.202602081740/tools/bin/../lib/gcc/arm-none-eabi/14.3.1/../../../../arm-none-eabi/lib/thumb/v7e-m+fp/hard/libc_nano.a
LOAD /opt/st/stm32cubeide_2.1.1/plugins/com.st.stm32cube.ide.mcu.externaltools.gnu-tools-for-stm32.14.3.rel1.linux64_1.0.100.202602081740/tools/bin/../lib/gcc/arm-none-eabi/14.3.1/../../../../arm-none-eabi/lib/thumb/v7e-m+fp/hard/libnosys.a
END GROUP
START GROUP
LOAD /opt/st/stm32cubeide_2.1.1/plugins/com.st.stm32cube.ide.mcu.externaltools.gnu-tools-for-stm32.14.3.rel1.linux64_1.0.100.202602081740/tools/bin/../lib/gcc/arm-none-eabi/14.3.1/thumb/v7e-m+fp/hard/libgcc.a
LOAD /opt/st/stm32cubeide_2.1.1/plugins/com.st.stm32cube.ide.mcu.externaltools.gnu-tools-for-stm32.14.3.rel1.linux64_1.0.100.202602081740/tools/bin/../lib/gcc/arm-none-eabi/14.3.1/../../../../arm-none-eabi/lib/thumb/v7e-m+fp/hard/libc_nano.a
LOAD /opt/st/stm32cubeide_2.1.1/plugins/com.st.stm32cube.ide.mcu.externaltools.gnu-tools-for-stm32.14.3.rel1.linux64_1.0.100.202602081740/tools/bin/../lib/gcc/arm-none-eabi/14.3.1/../../../../arm-none-eabi/lib/thumb/v7e-m+fp/hard/libnosys.a
END GROUP
LOAD /opt/st/stm32cubeide_2.1.1/plugins/com.st.stm32cube.ide.mcu.externaltools.gnu-tools-for-stm32.14.3.rel1.linux64_1.0.100.202602081740/tools/bin/../lib/gcc/arm-none-eabi/14.3.1/thumb/v7e-m+fp/hard/crtend.o
LOAD /opt/st/stm32cubeide_2.1.1/plugins/com.st.stm32cube.ide.mcu.externaltools.gnu-tools-for-stm32.14.3.rel1.linux64_1.0.100.202602081740/tools/bin/../lib/gcc/arm-none-eabi/14.3.1/thumb/v7e-m+fp/hard/crtn.o
                0x20020000                        _estack = (ORIGIN (RAM) + LENGTH (RAM))
                0x00000200                        _Min_Heap_Size = 0x200
                0x00000400                        _Min_Stack_Size = 0x400

.isr_vector     0x08000000      0x1c4
                0x08000000                        . = ALIGN (0x4)
 *(.isr_vector)
 .isr_vector    0x08000000      0x1c4 ./Core/Startup/startup_stm32f446retx.o
                0x08000000                g_pfnVectors
                0x080001c4                        . = ALIGN (0x4)

.text           0x080001c4      0x8c0
                0x080001c4                        . = ALIGN (0x4)
 *(.text)
 .text          0x080001c4       0x40 /opt/st/stm32cubeide_2.1.1/plugins/com.st.stm32cube.ide.mcu.externaltools.gnu-tools-for-stm32.14.3.rel1.linux64_1.0.100.202602081740/tools/bin/../lib/gcc/arm-none-eabi/14.3.1/thumb/v7e-m+fp/hard/crtbegin.o
 *(.text*)
 .text.main     0x08000204      0x170 ./Core/Src/main.o
                0x08000204                main
 .text.I2C1_Init
                0x08000374       0xe0 ./Core/Src/main.o
                0x08000374                I2C1_Init
 .text.I2C1_Start
                0x08000454       0x30 ./Core/Src/main.o
                0x08000454                I2C1_Start
 .text.I2C1_Stop
                0x08000484       0x20 ./Core/Src/main.o
                0x08000484                I2C1_Stop
 .text.I2C1_WriteAddr
                0x080004a4       0x38 ./Core/Src/main.o
                0x080004a4                I2C1_WriteAddr
 .text.I2C1_WriteData
                0x080004dc       0x40 ./Core/Src/main.o
                0x080004dc                I2C1_WriteData
 .text.I2C1_ReadDataAck
                0x0800051c       0x34 ./Core/Src/main.o
                0x0800051c                I2C1_ReadDataAck
 .text.I2C1_ReadDataNack
                0x08000550       0x40 ./Core/Src/main.o
                0x08000550                I2C1_ReadDataNack
 .text.MPU6050_WriteReg
                0x08000590       0x36 ./Core/Src/main.o
                0x08000590                MPU6050_WriteReg
 .text.MPU6050_ReadReg
                0x080005c6       0x3c ./Core/Src/main.o
                0x080005c6                MPU6050_ReadReg
 .text.MPU6050_Init
                0x08000602       0x10 ./Core/Src/main.o
                0x08000602                MPU6050_Init
 .text.MPU6050_ReadAccel
                0x08000612       0x98 ./Core/Src/main.o
                0x08000612                MPU6050_ReadAccel
 .text.MPU6050_ReadGyro
                0x080006aa       0x98 ./Core/Src/main.o
                0x080006aa                MPU6050_ReadGyro
 *fill*         0x08000742        0x2 
 .text.UART2_Init
                0x08000744       0xc8 ./Core/Src/main.o
                0x08000744                UART2_Init
 .text.UART2_SendChar
                0x0800080c       0x30 ./Core/Src/main.o
                0x0800080c                UART2_SendChar
 .text.UART2_SendString
                0x0800083c       0x2a ./Core/Src/main.o
                0x0800083c                UART2_SendString
 *fill*         0x08000866        0x2 
 .text.UART2_SendInt
                0x08000868       0xbc ./Core/Src/main.o
                0x08000868                UART2_SendInt
 .text.NMI_Handler
                0x08000924        0x8 ./Core/Src/stm32f4xx_it.o
                0x08000924                NMI_Handler
 .text.HardFault_Handler
                0x0800092c        0x8 ./Core/Src/stm32f4xx_it.o
                0x0800092c                HardFault_Handler
 .text.MemManage_Handler
                0x08000934        0x8 ./Core/Src/stm32f4xx_it.o
                0x08000934                MemManage_Handler
 .text.BusFault_Handler
                0x0800093c        0x8 ./Core/Src/stm32f4xx_it.o
                0x0800093c                BusFault_Handler
 .text.UsageFault_Handler
                0x08000944        0x8 ./Core/Src/stm32f4xx_it.o
                0x08000944                UsageFault_Handler
 .text.SVC_Handler
                0x0800094c        0xe ./Core/Src/stm32f4xx_it.o
                0x0800094c                SVC_Handler
 .text.DebugMon_Handler
                0x0800095a        0xe ./Core/Src/stm32f4xx_it.o
                0x0800095a                DebugMon_Handler
 .text.PendSV_Handler
                0x08000968        0xe ./Core/Src/stm32f4xx_it.o
                0x08000968                PendSV_Handler
 .text.SysTick_Handler
                0x08000976        0xc ./Core/Src/stm32f4xx_it.o
                0x08000976                SysTick_Handler
 *fill*         0x08000982        0x2 
 .text.SystemInit
                0x08000984       0x24 ./Core/Src/system_stm32f4xx.o
                0x08000984                SystemInit
 .text.Reset_Handler
                0x080009a8       0x50 ./Core/Startup/startup_stm32f446retx.o
                0x080009a8                Reset_Handler
 .text.Default_Handler
                0x080009f8        0x2 ./Core/Startup/startup_stm32f446retx.o
                0x080009f8                RTC_Alarm_IRQHandler
                0x080009f8                EXTI2_IRQHandler
                0x080009f8                TIM8_CC_IRQHandler
                0x080009f8                FMPI2C1_EV_IRQHandler
                0x080009f8                SPI4_IRQHandler
                0x080009f8                TIM1_CC_IRQHandler
                0x080009f8                DMA2_Stream5_IRQHandler
                0x080009f8                DMA1_Stream5_IRQHandler
                0x080009f8                PVD_IRQHandler
                0x080009f8                SDIO_IRQHandler
                0x080009f8                TAMP_STAMP_IRQHandler
                0x080009f8                CAN2_RX1_IRQHandler
                0x080009f8                EXTI3_IRQHandler
                0x080009f8                TIM8_TRG_COM_TIM14_IRQHandler
                0x080009f8                TIM1_UP_TIM10_IRQHandler
                0x080009f8                TIM8_UP_TIM13_IRQHandler
                0x080009f8                I2C3_ER_IRQHandler
                0x080009f8                EXTI0_IRQHandler
                0x080009f8                I2C2_EV_IRQHandler
                0x080009f8                DMA1_Stream2_IRQHandler
                0x080009f8                CAN1_RX0_IRQHandler
                0x080009f8                FPU_IRQHandler
                0x080009f8                OTG_HS_WKUP_IRQHandler
                0x080009f8                CAN2_SCE_IRQHandler
                0x080009f8                DMA2_Stream2_IRQHandler
                0x080009f8                SPI1_IRQHandler
                0x080009f8                TIM6_DAC_IRQHandler
                0x080009f8                TIM1_BRK_TIM9_IRQHandler
                0x080009f8                DCMI_IRQHandler
                0x080009f8                CAN2_RX0_IRQHandler
                0x080009f8                DMA2_Stream3_IRQHandler
                0x080009f8                SAI2_IRQHandler
                0x080009f8                USART6_IRQHandler
                0x080009f8                USART3_IRQHandler
                0x080009f8                CAN1_RX1_IRQHandler
                0x080009f8                UART5_IRQHandler
                0x080009f8                DMA2_Stream0_IRQHandler
                0x080009f8                TIM4_IRQHandler
                0x080009f8                QUADSPI_IRQHandler
                0x080009f8                I2C1_EV_IRQHandler
                0x080009f8                DMA1_Stream6_IRQHandler
                0x080009f8                DMA1_Stream1_IRQHandler
                0x080009f8                UART4_IRQHandler
                0x080009f8                TIM3_IRQHandler
                0x080009f8                RCC_IRQHandler
                0x080009f8                TIM8_BRK_TIM12_IRQHandler
                0x080009f8                Default_Handler
                0x080009f8                CEC_IRQHandler
                0x080009f8                EXTI15_10_IRQHandler
                0x080009f8                ADC_IRQHandler
                0x080009f8                DMA1_Stream7_IRQHandler
                0x080009f8                TIM7_IRQHandler
                0x080009f8                CAN2_TX_IRQHandler
                0x080009f8                TIM5_IRQHandler
                0x080009f8                DMA2_Stream7_IRQHandler
                0x080009f8                I2C3_EV_IRQHandler
                0x080009f8                EXTI9_5_IRQHandler
                0x080009f8                RTC_WKUP_IRQHandler
                0x080009f8                SPDIF_RX_IRQHandler
                0x080009f8                SPI2_IRQHandler
                0x080009f8                OTG_HS_EP1_IN_IRQHandler
                0x080009f8                DMA1_Stream0_IRQHandler
                0x080009f8                CAN1_TX_IRQHandler
                0x080009f8                FMPI2C1_ER_IRQHandler
                0x080009f8                EXTI4_IRQHandler
                0x080009f8                OTG_HS_EP1_OUT_IRQHandler
                0x080009f8                WWDG_IRQHandler
                0x080009f8                TIM2_IRQHandler
                0x080009f8                OTG_FS_WKUP_IRQHandler
                0x080009f8                TIM1_TRG_COM_TIM11_IRQHandler
                0x080009f8                OTG_HS_IRQHandler
                0x080009f8                EXTI1_IRQHandler
                0x080009f8                USART2_IRQHandler
                0x080009f8                I2C2_ER_IRQHandler
                0x080009f8                DMA2_Stream1_IRQHandler
                0x080009f8                CAN1_SCE_IRQHandler
                0x080009f8                FLASH_IRQHandler
                0x080009f8                DMA2_Stream4_IRQHandler
                0x080009f8                USART1_IRQHandler
                0x080009f8                OTG_FS_IRQHandler
                0x080009f8                SPI3_IRQHandler
                0x080009f8                DMA1_Stream4_IRQHandler
                0x080009f8                I2C1_ER_IRQHandler
                0x080009f8                FMC_IRQHandler
                0x080009f8                DMA2_Stream6_IRQHandler
                0x080009f8                SAI1_IRQHandler
                0x080009f8                DMA1_Stream3_IRQHandler
 *fill*         0x080009fa        0x2 
 .text.HAL_IncTick
                0x080009fc       0x28 ./Drivers/STM32F4xx_HAL_Driver/Src/stm32f4xx_hal.o
                0x080009fc                HAL_IncTick
 .text.__libc_init_array
                0x08000a24       0x48 /opt/st/stm32cubeide_2.1.1/plugins/com.st.stm32cube.ide.mcu.externaltools.gnu-tools-for-stm32.14.3.rel1.linux64_1.0.100.202602081740/tools/bin/../lib/gcc/arm-none-eabi/14.3.1/../../../../arm-none-eabi/lib/thumb/v7e-m+fp/hard/libc_nano.a(libc_a-init.o)
                0x08000a24                __libc_init_array
 *(.glue_7)
 .glue_7        0x08000a6c        0x0 linker stubs
 *(.glue_7t)
 .glue_7t       0x08000a6c        0x0 linker stubs
 *(.eh_frame)
 .eh_frame      0x08000a6c        0x0 /opt/st/stm32cubeide_2.1.1/plugins/com.st.stm32cube.ide.mcu.externaltools.gnu-tools-for-stm32.14.3.rel1.linux64_1.0.100.202602081740/tools/bin/../lib/gcc/arm-none-eabi/14.3.1/thumb/v7e-m+fp/hard/crtbegin.o
 *(.init)
 .init          0x08000a6c        0x4 /opt/st/stm32cubeide_2.1.1/plugins/com.st.stm32cube.ide.mcu.externaltools.gnu-tools-for-stm32.14.3.rel1.linux64_1.0.100.202602081740/tools/bin/../lib/gcc/arm-none-eabi/14.3.1/thumb/v7e-m+fp/hard/crti.o
                0x08000a6c                _init
 .init          0x08000a70        0x8 /opt/st/stm32cubeide_2.1.1/plugins/com.st.stm32cube.ide.mcu.externaltools.gnu-tools-for-stm32.14.3.rel1.linux64_1.0.100.202602081740/tools/bin/../lib/gcc/arm-none-eabi/14.3.1/thumb/v7e-m+fp/hard/crtn.o
 *(.fini)
 .fini          0x08000a78        0x4 /opt/st/stm32cubeide_2.1.1/plugins/com.st.stm32cube.ide.mcu.externaltools.gnu-tools-for-stm32.14.3.rel1.linux64_1.0.100.202602081740/tools/bin/../lib/gcc/arm-none-eabi/14.3.1/thumb/v7e-m+fp/hard/crti.o
                0x08000a78                _fini
 .fini          0x08000a7c        0x8 /opt/st/stm32cubeide_2.1.1/plugins/com.st.stm32cube.ide.mcu.externaltools.gnu-tools-for-stm32.14.3.rel1.linux64_1.0.100.202602081740/tools/bin/../lib/gcc/arm-none-eabi/14.3.1/thumb/v7e-m+fp/hard/crtn.o
                0x08000a84                        . = ALIGN (0x4)
                0x08000a84                        _etext = .

.vfp11_veneer   0x08000a84        0x0
 .vfp11_veneer  0x08000a84        0x0 linker stubs

.v4_bx          0x08000a84        0x0
 .v4_bx         0x08000a84        0x0 linker stubs

.iplt           0x08000a84        0x0
 .iplt          0x08000a84        0x0 /opt/st/stm32cubeide_2.1.1/plugins/com.st.stm32cube.ide.mcu.externaltools.gnu-tools-for-stm32.14.3.rel1.linux64_1.0.100.202602081740/tools/bin/../lib/gcc/arm-none-eabi/14.3.1/thumb/v7e-m+fp/hard/crtbegin.o

.rodata         0x08000a84       0x38
                0x08000a84                        . = ALIGN (0x4)
 *(.rodata)
 .rodata        0x08000a84       0x37 ./Core/Src/main.o
 *(.rodata*)
                0x08000abc                        . = ALIGN (0x4)
 *fill*         0x08000abb        0x1 

.ARM.extab      0x08000abc        0x0
                0x08000abc                        . = ALIGN (0x4)
 *(.ARM.extab* .gnu.linkonce.armextab.*)
                0x08000abc                        . = ALIGN (0x4)

.ARM            0x08000abc        0x0
                0x08000abc                        . = ALIGN (0x4)
                0x08000abc                        __exidx_start = .
 *(.ARM.exidx*)
                0x08000abc                        __exidx_end = .
                0x08000abc                        . = ALIGN (0x4)

.preinit_array  0x08000abc        0x0
                0x08000abc                        . = ALIGN (0x4)
                0x08000abc                        PROVIDE (__preinit_array_start = .)
 *(.preinit_array*)
                0x08000abc                        PROVIDE (__preinit_array_end = .)
                0x08000abc                        . = ALIGN (0x4)

.init_array     0x08000abc        0x4
                0x08000abc                        . = ALIGN (0x4)
                0x08000abc                        PROVIDE (__init_array_start = .)
 *(SORT_BY_NAME(.init_array.*))
 *(.init_array*)
 .init_array    0x08000abc        0x4 /opt/st/stm32cubeide_2.1.1/plugins/com.st.stm32cube.ide.mcu.externaltools.gnu-tools-for-stm32.14.3.rel1.linux64_1.0.100.202602081740/tools/bin/../lib/gcc/arm-none-eabi/14.3.1/thumb/v7e-m+fp/hard/crtbegin.o
                0x08000ac0                        PROVIDE (__init_array_end = .)
                0x08000ac0                        . = ALIGN (0x4)

.fini_array     0x08000ac0        0x4
                0x08000ac0                        . = ALIGN (0x4)
                [!provide]                        PROVIDE (__fini_array_start = .)
 *(SORT_BY_NAME(.fini_array.*))
 *(.fini_array*)
 .fini_array    0x08000ac0        0x4 /opt/st/stm32cubeide_2.1.1/plugins/com.st.stm32cube.ide.mcu.externaltools.gnu-tools-for-stm32.14.3.rel1.linux64_1.0.100.202602081740/tools/bin/../lib/gcc/arm-none-eabi/14.3.1/thumb/v7e-m+fp/hard/crtbegin.o
                [!provide]                        PROVIDE (__fini_array_end = .)
                0x08000ac4                        . = ALIGN (0x4)
                0x08000ac4                        _sidata = LOADADDR (.data)

.rel.dyn        0x08000ac4        0x0
 .rel.iplt      0x08000ac4        0x0 /opt/st/stm32cubeide_2.1.1/plugins/com.st.stm32cube.ide.mcu.externaltools.gnu-tools-for-stm32.14.3.rel1.linux64_1.0.100.202602081740/tools/bin/../lib/gcc/arm-none-eabi/14.3.1/thumb/v7e-m+fp/hard/crtbegin.o

.data           0x20000000        0x4 load address 0x08000ac4
                0x20000000                        . = ALIGN (0x4)
                0x20000000                        _sdata = .
 *(.data)
 *(.data*)
 .data.uwTickFreq
                0x20000000        0x1 ./Drivers/STM32F4xx_HAL_Driver/Src/stm32f4xx_hal.o
                0x20000000                uwTickFreq
 *(.RamFunc)
 *(.RamFunc*)
                0x20000004                        . = ALIGN (0x4)
 *fill*         0x20000001        0x3 
                0x20000004                        _edata = .

.igot.plt       0x20000004        0x0 load address 0x08000ac8
 .igot.plt      0x20000004        0x0 /opt/st/stm32cubeide_2.1.1/plugins/com.st.stm32cube.ide.mcu.externaltools.gnu-tools-for-stm32.14.3.rel1.linux64_1.0.100.202602081740/tools/bin/../lib/gcc/arm-none-eabi/14.3.1/thumb/v7e-m+fp/hard/crtbegin.o
                0x20000004                        . = ALIGN (0x4)

.bss            0x20000004       0x20 load address 0x08000ac8
                0x20000004                        _sbss = .
                0x20000004                        __bss_start__ = _sbss
 *(.bss)
 .bss           0x20000004       0x1c /opt/st/stm32cubeide_2.1.1/plugins/com.st.stm32cube.ide.mcu.externaltools.gnu-tools-for-stm32.14.3.rel1.linux64_1.0.100.202602081740/tools/bin/../lib/gcc/arm-none-eabi/14.3.1/thumb/v7e-m+fp/hard/crtbegin.o
 *(.bss*)
 .bss.uwTick    0x20000020        0x4 ./Drivers/STM32F4xx_HAL_Driver/Src/stm32f4xx_hal.o
                0x20000020                uwTick
 *(COMMON)
                0x20000024                        . = ALIGN (0x4)
                0x20000024                        _ebss = .
                0x20000024                        __bss_end__ = _ebss

._user_heap_stack
                0x20000024      0x604 load address 0x08000ac8
                0x20000028                        . = ALIGN (0x8)
 *fill*         0x20000024        0x4 
                [!provide]                        PROVIDE (end = .)
                0x20000028                        PROVIDE (_end = .)
                0x20000228                        . = (. + _Min_Heap_Size)
 *fill*         0x20000028      0x200 
                0x20000628                        . = (. + _Min_Stack_Size)
 *fill*         0x20000228      0x400 
                0x20000628                        . = ALIGN (0x8)

/DISCARD/
 libc.a(*)
 libm.a(*)
 libgcc.a(*)

.ARM.attributes
                0x00000000       0x30
 *(.ARM.attributes)
 .ARM.attributes
                0x00000000       0x22 /opt/st/stm32cubeide_2.1.1/plugins/com.st.stm32cube.ide.mcu.externaltools.gnu-tools-for-stm32.14.3.rel1.linux64_1.0.100.202602081740/tools/bin/../lib/gcc/arm-none-eabi/14.3.1/thumb/v7e-m+fp/hard/crti.o
 .ARM.attributes
                0x00000022       0x34 /opt/st/stm32cubeide_2.1.1/plugins/com.st.stm32cube.ide.mcu.externaltools.gnu-tools-for-stm32.14.3.rel1.linux64_1.0.100.202602081740/tools/bin/../lib/gcc/arm-none-eabi/14.3.1/thumb/v7e-m+fp/hard/crtbegin.o
 .ARM.attributes
                0x00000056       0x34 ./Core/Src/main.o
 .ARM.attributes
                0x0000008a       0x34 ./Core/Src/stm32f4xx_it.o
 .ARM.attributes
                0x000000be       0x34 ./Core/Src/system_stm32f4xx.o
 .ARM.attributes
                0x000000f2       0x21 ./Core/Startup/startup_stm32f446retx.o
 .ARM.attributes
                0x00000113       0x34 ./Drivers/STM32F4xx_HAL_Driver/Src/stm32f4xx_hal.o
 .ARM.attributes
                0x00000147       0x34 /opt/st/stm32cubeide_2.1.1/plugins/com.st.stm32cube.ide.mcu.externaltools.gnu-tools-for-stm32.14.3.rel1.linux64_1.0.100.202602081740/tools/bin/../lib/gcc/arm-none-eabi/14.3.1/../../../../arm-none-eabi/lib/thumb/v7e-m+fp/hard/libc_nano.a(libc_a-init.o)
 .ARM.attributes
                0x0000017b       0x22 /opt/st/stm32cubeide_2.1.1/plugins/com.st.stm32cube.ide.mcu.externaltools.gnu-tools-for-stm32.14.3.rel1.linux64_1.0.100.202602081740/tools/bin/../lib/gcc/arm-none-eabi/14.3.1/thumb/v7e-m+fp/hard/crtn.o
OUTPUT(mpu6050.elf elf32-littlearm)
LOAD linker stubs
LOAD /opt/st/stm32cubeide_2.1.1/plugins/com.st.stm32cube.ide.mcu.externaltools.gnu-tools-for-stm32.14.3.rel1.linux64_1.0.100.202602081740/tools/bin/../lib/gcc/arm-none-eabi/14.3.1/../../../../arm-none-eabi/lib/thumb/v7e-m+fp/hard/libc.a
LOAD /opt/st/stm32cubeide_2.1.1/plugins/com.st.stm32cube.ide.mcu.externaltools.gnu-tools-for-stm32.14.3.rel1.linux64_1.0.100.202602081740/tools/bin/../lib/gcc/arm-none-eabi/14.3.1/../../../../arm-none-eabi/lib/thumb/v7e-m+fp/hard/libm.a
LOAD /opt/st/stm32cubeide_2.1.1/plugins/com.st.stm32cube.ide.mcu.externaltools.gnu-tools-for-stm32.14.3.rel1.linux64_1.0.100.202602081740/tools/bin/../lib/gcc/arm-none-eabi/14.3.1/thumb/v7e-m+fp/hard/libgcc.a

.debug_info     0x00000000     0x17e8
 .debug_info    0x00000000      0x7c2 ./Core/Src/main.o
 .debug_info    0x000007c2      0x112 ./Core/Src/stm32f4xx_it.o
 .debug_info    0x000008d4      0x54a ./Core/Src/system_stm32f4xx.o
 .debug_info    0x00000e1e       0x30 ./Core/Startup/startup_stm32f446retx.o
 .debug_info    0x00000e4e      0x99a ./Drivers/STM32F4xx_HAL_Driver/Src/stm32f4xx_hal.o

.debug_abbrev   0x00000000      0x5a3
 .debug_abbrev  0x00000000      0x1de ./Core/Src/main.o
 .debug_abbrev  0x000001de       0x73 ./Core/Src/stm32f4xx_it.o
 .debug_abbrev  0x00000251      0x11a ./Core/Src/system_stm32f4xx.o
 .debug_abbrev  0x0000036b       0x24 ./Core/Startup/startup_stm32f446retx.o
 .debug_abbrev  0x0000038f      0x214 ./Drivers/STM32F4xx_HAL_Driver/Src/stm32f4xx_hal.o

.debug_aranges  0x00000000      0x240
 .debug_aranges
                0x00000000       0xa0 ./Core/Src/main.o
 .debug_aranges
                0x000000a0       0x60 ./Core/Src/stm32f4xx_it.o
 .debug_aranges
                0x00000100       0x28 ./Core/Src/system_stm32f4xx.o
 .debug_aranges
                0x00000128       0x28 ./Core/Startup/startup_stm32f446retx.o
 .debug_aranges
                0x00000150       0xf0 ./Drivers/STM32F4xx_HAL_Driver/Src/stm32f4xx_hal.o

.debug_rnglists
                0x00000000      0x19e
 .debug_rnglists
                0x00000000       0x79 ./Core/Src/main.o
 .debug_rnglists
                0x00000079       0x43 ./Core/Src/stm32f4xx_it.o
 .debug_rnglists
                0x000000bc       0x1a ./Core/Src/system_stm32f4xx.o
 .debug_rnglists
                0x000000d6       0x19 ./Core/Startup/startup_stm32f446retx.o
 .debug_rnglists
                0x000000ef       0xaf ./Drivers/STM32F4xx_HAL_Driver/Src/stm32f4xx_hal.o

.debug_macro    0x00000000    0x1f4ca
 .debug_macro   0x00000000      0x201 ./Core/Src/main.o
 .debug_macro   0x00000201      0xad8 ./Core/Src/main.o
 .debug_macro   0x00000cd9      0x28f ./Core/Src/main.o
 .debug_macro   0x00000f68       0x2e ./Core/Src/main.o
 .debug_macro   0x00000f96       0x28 ./Core/Src/main.o
 .debug_macro   0x00000fbe       0x22 ./Core/Src/main.o
 .debug_macro   0x00000fe0       0x8e ./Core/Src/main.o
 .debug_macro   0x0000106e       0x51 ./Core/Src/main.o
 .debug_macro   0x000010bf      0x103 ./Core/Src/main.o
 .debug_macro   0x000011c2       0x6a ./Core/Src/main.o
 .debug_macro   0x0000122c      0x1df ./Core/Src/main.o
 .debug_macro   0x0000140b       0x1c ./Core/Src/main.o
 .debug_macro   0x00001427       0x22 ./Core/Src/main.o
 .debug_macro   0x00001449       0xfb ./Core/Src/main.o
 .debug_macro   0x00001544     0x1011 ./Core/Src/main.o
 .debug_macro   0x00002555      0x11f ./Core/Src/main.o
 .debug_macro   0x00002674    0x1675e ./Core/Src/main.o
 .debug_macro   0x00018dd2       0x6d ./Core/Src/main.o
 .debug_macro   0x00018e3f     0x3693 ./Core/Src/main.o
 .debug_macro   0x0001c4d2      0x190 ./Core/Src/main.o
 .debug_macro   0x0001c662       0x5c ./Core/Src/main.o
 .debug_macro   0x0001c6be      0xca5 ./Core/Src/main.o
 .debug_macro   0x0001d363      0x9e9 ./Core/Src/main.o
 .debug_macro   0x0001dd4c      0x115 ./Core/Src/main.o
 .debug_macro   0x0001de61      0x1a0 ./Core/Src/main.o
 .debug_macro   0x0001e001       0xa5 ./Core/Src/main.o
 .debug_macro   0x0001e0a6      0x16d ./Core/Src/main.o
 .debug_macro   0x0001e213      0x287 ./Core/Src/main.o
 .debug_macro   0x0001e49a       0x5f ./Core/Src/main.o
 .debug_macro   0x0001e4f9      0x236 ./Core/Src/main.o
 .debug_macro   0x0001e72f      0x132 ./Core/Src/main.o
 .debug_macro   0x0001e861      0x29c ./Core/Src/main.o
 .debug_macro   0x0001eafd       0x2e ./Core/Src/main.o
 .debug_macro   0x0001eb2b      0x127 ./Core/Src/main.o
 .debug_macro   0x0001ec52       0xe8 ./Core/Src/main.o
 .debug_macro   0x0001ed3a       0x89 ./Core/Src/main.o
 .debug_macro   0x0001edc3      0x126 ./Core/Src/main.o
 .debug_macro   0x0001eee9       0x58 ./Core/Src/main.o
 .debug_macro   0x0001ef41      0x1c9 ./Core/Src/stm32f4xx_it.o
 .debug_macro   0x0001f10a      0x1b0 ./Core/Src/system_stm32f4xx.o
 .debug_macro   0x0001f2ba      0x210 ./Drivers/STM32F4xx_HAL_Driver/Src/stm32f4xx_hal.o

.debug_line     0x00000000     0x2267
 .debug_line    0x00000000      0xb01 ./Core/Src/main.o
 .debug_line    0x00000b01      0x6f5 ./Core/Src/stm32f4xx_it.o
 .debug_line    0x000011f6      0x6bc ./Core/Src/system_stm32f4xx.o
 .debug_line    0x000018b2       0x7a ./Core/Startup/startup_stm32f446retx.o
 .debug_line    0x0000192c      0x93b ./Drivers/STM32F4xx_HAL_Driver/Src/stm32f4xx_hal.o

.debug_str      0x00000000    0xc16e0
 .debug_str     0x00000000    0xc16e0 ./Core/Src/main.o
                              0xc0bfd (size before relaxing)
 .debug_str     0x000c16e0    0xc092d ./Core/Src/stm32f4xx_it.o
 .debug_str     0x000c16e0    0xc0956 ./Core/Src/system_stm32f4xx.o
 .debug_str     0x000c16e0       0x6a ./Core/Startup/startup_stm32f446retx.o
 .debug_str     0x000c16e0    0xc151b ./Drivers/STM32F4xx_HAL_Driver/Src/stm32f4xx_hal.o

.comment        0x00000000       0x43
 .comment       0x00000000       0x43 ./Core/Src/main.o
                                 0x44 (size before relaxing)
 .comment       0x00000043       0x44 ./Core/Src/stm32f4xx_it.o
 .comment       0x00000043       0x44 ./Core/Src/system_stm32f4xx.o
 .comment       0x00000043       0x44 ./Drivers/STM32F4xx_HAL_Driver/Src/stm32f4xx_hal.o

.debug_frame    0x00000000      0x6c8
 .debug_frame   0x00000000      0x238 ./Core/Src/main.o
 .debug_frame   0x00000238       0xf8 ./Core/Src/stm32f4xx_it.o
 .debug_frame   0x00000330       0x50 ./Core/Src/system_stm32f4xx.o
 .debug_frame   0x00000380      0x31c ./Drivers/STM32F4xx_HAL_Driver/Src/stm32f4xx_hal.o
 .debug_frame   0x0000069c       0x2c /opt/st/stm32cubeide_2.1.1/plugins/com.st.stm32cube.ide.mcu.externaltools.gnu-tools-for-stm32.14.3.rel1.linux64_1.0.100.202602081740/tools/bin/../lib/gcc/arm-none-eabi/14.3.1/../../../../arm-none-eabi/lib/thumb/v7e-m+fp/hard/libc_nano.a(libc_a-init.o)

.debug_line_str
                0x00000000       0x4e
 .debug_line_str
                0x00000000       0x4e ./Core/Startup/startup_stm32f446retx.o
