../Core/Src/main.c:38:5:main	3
../Core/Src/main.c:85:6:I2C1_Init	1
../Core/Src/main.c:114:6:I2C1_Start	2
../Core/Src/main.c:120:6:I2C1_Stop	1
../Core/Src/main.c:125:6:I2C1_WriteAddr	2
../Core/Src/main.c:133:6:I2C1_WriteData	3
../Core/Src/main.c:140:9:I2C1_ReadDataAck	2
../Core/Src/main.c:147:9:I2C1_ReadDataNack	2
../Core/Src/main.c:154:6:MPU6050_WriteReg	1
../Core/Src/main.c:163:9:MPU6050_ReadReg	1
../Core/Src/main.c:178:6:MPU6050_Init	1
../Core/Src/main.c:183:6:MPU6050_ReadAccel	2
../Core/Src/main.c:202:6:MPU6050_ReadGyro	2
../Core/Src/main.c:221:6:UART2_Init	1
../Core/Src/main.c:247:6:UART2_SendChar	2
../Core/Src/main.c:253:6:UART2_SendString	2
../Core/Src/main.c:258:6:UART2_SendInt	6
