../Core/Src/main.c:53:5:main	40	static
../Core/Src/main.c:104:6:I2C1_Init	4	static
../Core/Src/main.c:133:6:I2C1_Start	4	static
../Core/Src/main.c:139:6:I2C1_Stop	4	static
../Core/Src/main.c:144:6:I2C1_WriteAddr	16	static
../Core/Src/main.c:152:6:I2C1_WriteData	16	static
../Core/Src/main.c:159:9:I2C1_ReadDataAck	4	static
../Core/Src/main.c:166:9:I2C1_ReadDataNack	4	static
../Core/Src/main.c:173:6:MPU6050_WriteReg	16	static
../Core/Src/main.c:182:9:MPU6050_ReadReg	24	static
../Core/Src/main.c:197:6:MPU6050_Init	8	static
../Core/Src/main.c:202:6:MPU6050_ReadAccel	40	static
../Core/Src/main.c:221:6:MPU6050_ReadGyro	40	static
../Core/Src/main.c:240:6:UART2_Init	4	static
../Core/Src/main.c:266:6:UART2_SendChar	16	static
../Core/Src/main.c:272:6:UART2_SendString	16	static
../Core/Src/main.c:277:6:UART2_SendInt	40	static
../Core/Src/main.c:302:6:Error_Handler	4	static,ignoring_inline_asm
