../Core/Src/main.c:53:5:main	2
../Core/Src/main.c:104:6:I2C1_Init	1
../Core/Src/main.c:133:6:I2C1_Start	2
../Core/Src/main.c:139:6:I2C1_Stop	1
../Core/Src/main.c:144:6:I2C1_WriteAddr	2
../Core/Src/main.c:152:6:I2C1_WriteData	3
../Core/Src/main.c:159:9:I2C1_ReadDataAck	2
../Core/Src/main.c:166:9:I2C1_ReadDataNack	2
../Core/Src/main.c:173:6:MPU6050_WriteReg	1
../Core/Src/main.c:182:9:MPU6050_ReadReg	1
../Core/Src/main.c:197:6:MPU6050_Init	1
../Core/Src/main.c:202:6:MPU6050_ReadAccel	2
../Core/Src/main.c:221:6:MPU6050_ReadGyro	2
../Core/Src/main.c:240:6:UART2_Init	1
../Core/Src/main.c:266:6:UART2_SendChar	2
../Core/Src/main.c:272:6:UART2_SendString	2
../Core/Src/main.c:277:6:UART2_SendInt	6
../Core/Src/main.c:302:6:Error_Handler	1
